==============================================================================
  FLM10 PHASE 1 — ISOTROPY RESIDUAL (elastic tensor + acoustic speeds)
  J. C. Harvey, Melbourne, 2026-06-25.   [GEOMETRY]: no measured target fitted.
==============================================================================

------------------------------------------------------------------------------
  ANCHOR: diamond crystal (must be CUBIC: C11=C22=C33, C44=C55=C66)
------------------------------------------------------------------------------

  [CRYSTAL diamond n=3]  N=216  V0=27.000
    C_relaxed (Voigt) =
[[ 1.3745  0.2135  0.228  -0.0158 -0.0104  0.0026]
 [ 0.2135  1.3475  0.2168 -0.0006 -0.0024  0.018 ]
 [ 0.228   0.2168  1.3775 -0.0174  0.0068 -0.0126]
 [-0.0158 -0.0006 -0.0174  0.7357  0.005  -0.0063]
 [-0.0104 -0.0024  0.0068  0.005   0.7404  0.0007]
 [ 0.0026  0.018  -0.0126 -0.0063  0.0007  0.706 ]]
    A^U  affine=0.1247   RELAXED=0.0725    (0 = perfectly isotropic)
    K=0.6018  G=0.6658   c_L = 1.211±0.031   c_T = 0.822±0.039   (spread over 9 directions)
    sound-speed direction spread:  Δc_L/c_L = 2.55%   Δc_T/c_T = 4.76%

------------------------------------------------------------------------------
  AMORPHOUS CRN — isotropy residual vs system size N
------------------------------------------------------------------------------
      (generated N=64 seed=11 in 3.2s)
      (generated N=64 seed=12 in 3.1s)
      (generated N=64 seed=13 in 3.1s)

  [AMORPH saved N=216]  N=216  V0=27.000
    C_relaxed (Voigt) =
[[ 2.6835  0.4485  0.4445 -0.0017  0.0528  0.1537]
 [ 0.4485  2.6121  0.4244 -0.0788  0.0186  0.1185]
 [ 0.4445  0.4244  2.7407 -0.1162  0.0142  0.0243]
 [-0.0017 -0.0788 -0.1162  1.0552  0.0527 -0.0054]
 [ 0.0528  0.0186  0.0142  0.0527  1.0957 -0.0285]
 [ 0.1537  0.1185  0.0243 -0.0054 -0.0285  1.0738]]
    A^U  affine=0.0410   RELAXED=0.0492    (0 = perfectly isotropic)
    K=1.1857  G=1.0929   c_L = 1.647±0.041   c_T = 1.043±0.026   (spread over 9 directions)
    sound-speed direction spread:  Δc_L/c_L = 2.50%   Δc_T/c_T = 2.52%

  [AMORPH fresh N=64 seed=11]  N=64  V0=8.000
    C_relaxed (Voigt) =
[[ 3.9452  0.7521  0.7127  0.015  -0.364  -0.2433]
 [ 0.7521  3.0235  0.723   0.0077 -0.0069 -0.0837]
 [ 0.7127  0.723   3.8295 -0.0362 -0.1464 -0.0555]
 [ 0.015   0.0077 -0.0362  1.5487 -0.064  -0.0632]
 [-0.364  -0.0069 -0.1464 -0.064   1.6645 -0.0231]
 [-0.2433 -0.0837 -0.0555 -0.0632 -0.0231  1.6152]]
    A^U  affine=0.0976   RELAXED=0.1415    (0 = perfectly isotropic)
    K=1.6860  G=1.5397   c_L = 1.872±0.078   c_T = 1.227±0.053   (spread over 9 directions)
    sound-speed direction spread:  Δc_L/c_L = 4.15%   Δc_T/c_T = 4.34%

  [AMORPH fresh N=64 seed=12]  N=64  V0=8.000
    C_relaxed (Voigt) =
[[ 2.5044  0.615   0.6134 -0.1246  0.4692 -0.1038]
 [ 0.615   4.1385  0.7952 -0.5018  0.1267  0.0783]
 [ 0.6134  0.7952  3.5603 -0.4792  0.3167 -0.0034]
 [-0.1246 -0.5018 -0.4792  1.6601 -0.0385  0.1681]
 [ 0.4692  0.1267  0.3167 -0.0385  1.2979 -0.2341]
 [-0.1038  0.0783 -0.0034  0.1681 -0.2341  1.3533]]
    A^U  affine=0.4498   RELAXED=0.6066    (0 = perfectly isotropic)
    K=1.5834  G=1.4076   c_L = 1.844±0.132   c_T = 1.157±0.109   (spread over 9 directions)
    sound-speed direction spread:  Δc_L/c_L = 7.19%   Δc_T/c_T = 9.39%

  [AMORPH fresh N=64 seed=13]  N=64  V0=8.000
    C_relaxed (Voigt) =
[[4.132  0.8391 0.9604 0.1795 0.271  0.3112]
 [0.8391 4.1815 0.8856 0.8697 0.1688 0.344 ]
 [0.9604 0.8856 5.4384 0.8885 0.5124 0.1938]
 [0.1795 0.8697 0.8885 2.1294 0.1829 0.2182]
 [0.271  0.1688 0.5124 0.1829 2.1408 0.3905]
 [0.3112 0.344  0.1938 0.2182 0.3905 1.9336]]
    A^U  affine=0.4462   RELAXED=0.5351    (0 = perfectly isotropic)
    K=2.1247  G=1.9785   c_L = 2.397±0.213   c_T = 1.398±0.080   (spread over 9 directions)
    sound-speed direction spread:  Δc_L/c_L = 8.89%   Δc_T/c_T = 5.71%

==============================================================================
  ISOTROPY-RESIDUAL SUMMARY  (the Phase-1 headline)
==============================================================================
  system                         A^U (relaxed)   dc_L/c_L   dc_T/c_T
  diamond CRYSTAL                       0.0725    (cubic)    (cubic)
  amorphous N=64 (x3)            0.4277±0.2045      6.74%      6.48%
  amorphous N=216 (x1)                  0.0492      2.50%      2.52%

  amorphous A^U decay exponent (A^U ~ N^p):  p = -1.78   (uncorrelated finite-size fluctuations -> p ~ -0.5)

  VERDICT seed: crystal A^U=0.073 is FIXED & cubic-anisotropic; the amorphous
  network's A^U is far smaller and falls with N -> the medium is isotropising, i.e. one
  longitudinal + two transverse sound speeds with no preferred axis. The Phase-1 Lorentz-
  linearity precondition (FLM09-A2 / CONDENSA) is SUPPORTED, not plugged.
==============================================================================
